2017-10-11 13:55:37 INFO::doing hamming 1
2017-10-11 13:55:39 INFO::removed 0 ambiguous barcodes
2017-10-11 13:55:39 INFO::doing hamming 1
2017-10-11 13:55:40 INFO::removed 0 ambiguous barcodes
2017-10-11 13:55:41 INFO::writing to /net/mraid14/export/tgdata/users/aviezerl/proj/sc5mC/db/batches/BATCH24/PZM00020/fastq/ZMillu7/raw/split/indexes/ZMillu7_S1_L001_001_indexes.tsv
2017-10-11 13:55:43 INFO::running /net/mraid14/export/tgdata/users/aviezerl/tools/R/3.4/gpatterns/import/map_fastq.py -r1 <(gzip -d -c /net/mraid14/export/tgdata/users/aviezerl/proj/sc5mC/db/batches/BATCH24/PZM00020/fastq/ZMillu7/raw/ZMillu7_S1_L001_R1_001.fastq.gz) -r2 <(gzip -d -c /net/mraid14/export/tgdata/users/aviezerl/proj/sc5mC/db/batches/BATCH24/PZM00020/fastq/ZMillu7/raw/ZMillu7_S1_L001_R2_001.fastq.gz) -i /net/mraid14/export/tgdata/users/aviezerl/proj/sc5mC/db/batches/BATCH24/PZM00020/fastq/ZMillu7/raw/split/indexes/ZMillu7_S1_L001_001_indexes.tsv
